

================================================================
== Vivado HLS Report for 'switch_output_port_lookup'
================================================================
* Date:           Sat Dec 25 12:03:30 2021

* Version:        2018.2 (Build 2258646 on Thu Jun 14 20:25:20 MDT 2018)
* Project:        Output_port_lookup
* Solution:       solution2
* Product family: virtex7
* Target device:  xc7vx690tffg1761-3


================================================================
== Performance Estimates
================================================================
+ Timing (ns): 
    * Summary: 
    +--------+-------+----------+------------+
    |  Clock | Target| Estimated| Uncertainty|
    +--------+-------+----------+------------+
    |ap_clk  |  10.00|     8.004|        1.25|
    +--------+-------+----------+------------+

+ Latency (clock cycles): 
    * Summary: 
    +-----+-----+-----+-----+---------+
    |  Latency  |  Interval | Pipeline|
    | min | max | min | max |   Type  |
    +-----+-----+-----+-----+---------+
    |    6|    6|    6|    6|   none  |
    +-----+-----+-----+-----+---------+

    + Detail: 
        * Instance: 
        +------------------------+--------+-----+-----+-----+-----+---------+
        |                        |        |  Latency  |  Interval | Pipeline|
        |        Instance        | Module | min | max | min | max |   Type  |
        +------------------------+--------+-----+-----+-----+-----+---------+
        |lut_ret_i_i_lut_fu_278  |lut     |    0|    0|    0|    0|   none  |
        |grp_Read_r_fu_353       |Read_r  |    2|    2|    2|    2|   none  |
        |eth_ret_i_i_eth_fu_377  |eth     |    0|    0|    0|    0|   none  |
        +------------------------+--------+-----+-----+-----+-----+---------+

        * Loop: 
        N/A



================================================================
== Utilization Estimates
================================================================
* Summary: 
+-----------------+---------+-------+--------+--------+
|       Name      | BRAM_18K| DSP48E|   FF   |   LUT  |
+-----------------+---------+-------+--------+--------+
|DSP              |        -|      -|       -|       -|
|Expression       |        -|      -|       0|     126|
|FIFO             |        -|      -|       -|       -|
|Instance         |        -|      -|    1447|    2179|
|Memory           |       12|      -|      16|       2|
|Multiplexer      |        -|      -|       -|     180|
|Register         |        -|      -|      98|       -|
+-----------------+---------+-------+--------+--------+
|Total            |       12|      0|    1561|    2487|
+-----------------+---------+-------+--------+--------+
|Available        |     2940|   3600|  866400|  433200|
+-----------------+---------+-------+--------+--------+
|Utilization (%)  |    ~0   |      0|   ~0   |   ~0   |
+-----------------+---------+-------+--------+--------+

+ Detail: 
    * Instance: 
    +------------------------+--------+---------+-------+-----+------+
    |        Instance        | Module | BRAM_18K| DSP48E|  FF |  LUT |
    +------------------------+--------+---------+-------+-----+------+
    |grp_Read_r_fu_353       |Read_r  |        0|      0|  430|   446|
    |eth_ret_i_i_eth_fu_377  |eth     |        0|      0|  107|   219|
    |lut_ret_i_i_lut_fu_278  |lut     |        0|      0|  910|  1514|
    +------------------------+--------+---------+-------+-----+------+
    |Total                   |        |        0|      0| 1447|  2179|
    +------------------------+--------+---------+-------+-----+------+

    * DSP48: 
    N/A

    * Memory: 
    +-----------------------+----------------------+---------+----+----+------+-----+------+-------------+
    |         Memory        |        Module        | BRAM_18K| FF | LUT| Words| Bits| Banks| W*Bits*Banks|
    +-----------------------+----------------------+---------+----+----+------+-----+------+-------------+
    |Queue_buffer_packet_U  |switch_output_porbkb  |       12|   0|   0|    16|  417|     1|         6672|
    |Queue_buffer_V_U       |switch_output_porcud  |        0|  16|   2|    16|    8|     1|          128|
    +-----------------------+----------------------+---------+----+----+------+-----+------+-------------+
    |Total                  |                      |       12|  16|   2|    32|  425|     2|         6800|
    +-----------------------+----------------------+---------+----+----+------+-----+------+-------------+

    * FIFO: 
    N/A

    * Expression: 
    +---------------------------------+----------+-------+---+----+------------+------------+
    |          Variable Name          | Operation| DSP48E| FF| LUT| Bitwidth P0| Bitwidth P1|
    +---------------------------------+----------+-------+---+----+------------+------------+
    |Queue_size_assign_i_1_fu_530_p2  |     +    |      0|  0|  39|          32|           1|
    |Queue_size_assign_i_fu_465_p2    |     +    |      0|  0|  39|          32|           1|
    |Queue_wr_pos_V_assi_1_fu_546_p2  |     +    |      0|  0|  13|           4|           1|
    |Queue_wr_pos_V_assi_fu_481_p2    |     +    |      0|  0|  13|           4|           1|
    |eth_ret_i_i_eth_fu_377_valid_V   |    and   |      0|  0|   2|           1|           1|
    |rhs_V_fu_444_p2                  |   icmp   |      0|  0|  18|          29|           1|
    |this_assign_2_fu_388_p2          |    xor   |      0|  0|   2|           1|           2|
    +---------------------------------+----------+-------+---+----+------------+------------+
    |Total                            |          |      0|  0| 126|         103|           8|
    +---------------------------------+----------+-------+---+----+------------+------------+

    * Multiplexer: 
    +------------------------------+----+-----------+-----+-----------+
    |             Name             | LUT| Input Size| Bits| Total Bits|
    +------------------------------+----+-----------+-----+-----------+
    |Queue_ap_axis_size            |  15|          3|   32|         96|
    |Queue_buffer_V_address0       |  15|          3|    4|         12|
    |Queue_buffer_V_ce0            |  15|          3|    1|          3|
    |Queue_buffer_packet_address0  |  15|          3|    4|         12|
    |Queue_buffer_packet_ce0       |  15|          3|    1|          3|
    |Queue_rd_pos_V                |   9|          2|    4|          8|
    |Queue_rd_pos_V_1              |   9|          2|    4|          8|
    |Queue_size                    |  15|          3|   32|         96|
    |Queue_wr_pos_V                |  15|          3|    4|         12|
    |Queue_wr_pos_V_1              |  15|          3|    4|         12|
    |ap_NS_fsm                     |  33|          6|    1|          6|
    |s_axis_tready_V               |   9|          2|    1|          2|
    +------------------------------+----+-----------+-----+-----------+
    |Total                         | 180|         36|   92|        270|
    +------------------------------+----+-----------+-----+-----------+

    * Register: 
    +--------------------------------+----+----+-----+-----------+
    |              Name              | FF | LUT| Bits| Const Bits|
    +--------------------------------+----+----+-----+-----------+
    |Queue_ap_axis_size              |  32|   0|   32|          0|
    |Queue_rd_pos_V                  |   4|   0|    4|          0|
    |Queue_rd_pos_V_1                |   4|   0|    4|          0|
    |Queue_size                      |  32|   0|   32|          0|
    |Queue_wr_pos_V                  |   4|   0|    4|          0|
    |Queue_wr_pos_V_1                |   4|   0|    4|          0|
    |ap_CS_fsm                       |   5|   0|    5|          0|
    |dst_port_V_reg_639              |   8|   0|    8|          0|
    |grp_Read_r_fu_353_ap_start_reg  |   1|   0|    1|          0|
    |lookup_done_V_reg_644           |   1|   0|    1|          0|
    |rhs_V_reg_631                   |   1|   0|    1|          0|
    |s_axis_tready_V_preg            |   1|   0|    1|          0|
    |this_assign_2_reg_624           |   1|   0|    1|          0|
    +--------------------------------+----+----+-----+-----------+
    |Total                           |  98|   0|   98|          0|
    +--------------------------------+----+----+-----+-----------+



================================================================
== Interface
================================================================
* Summary: 
+-----------------+-----+-----+------------+---------------------------+--------------+
|    RTL Ports    | Dir | Bits|  Protocol  |       Source Object       |    C Type    |
+-----------------+-----+-----+------------+---------------------------+--------------+
|ap_clk           |  in |    1| ap_ctrl_hs | switch_output_port_lookup | return value |
|ap_rst           |  in |    1| ap_ctrl_hs | switch_output_port_lookup | return value |
|ap_start         |  in |    1| ap_ctrl_hs | switch_output_port_lookup | return value |
|ap_done          | out |    1| ap_ctrl_hs | switch_output_port_lookup | return value |
|ap_idle          | out |    1| ap_ctrl_hs | switch_output_port_lookup | return value |
|ap_ready         | out |    1| ap_ctrl_hs | switch_output_port_lookup | return value |
|s_axis_tdata_V   |  in |  256|   ap_none  |       s_axis_tdata_V      |    scalar    |
|s_axis_tkeep_V   |  in |   32|   ap_none  |       s_axis_tkeep_V      |    scalar    |
|s_axis_tuser_V   |  in |  128|   ap_none  |       s_axis_tuser_V      |    scalar    |
|s_axis_tvalid_V  |  in |    1|   ap_none  |      s_axis_tvalid_V      |    scalar    |
|s_axis_tready_V  | out |    1|   ap_none  |      s_axis_tready_V      |    pointer   |
|s_axis_tlast_V   |  in |    1|   ap_none  |       s_axis_tlast_V      |    scalar    |
|m_axis_tdata_V   | out |  256|   ap_none  |       m_axis_tdata_V      |    pointer   |
|m_axis_tkeep_V   | out |   32|   ap_none  |       m_axis_tkeep_V      |    pointer   |
|m_axis_tuser_V   | out |  128|   ap_none  |       m_axis_tuser_V      |    pointer   |
|m_axis_tvalid_V  | out |    1|   ap_none  |      m_axis_tvalid_V      |    pointer   |
|m_axis_tready_V  |  in |    1|   ap_none  |      m_axis_tready_V      |    scalar    |
|m_axis_tlast_V   | out |    1|   ap_none  |       m_axis_tlast_V      |    pointer   |
|reset_V          |  in |    1|   ap_none  |          reset_V          |    scalar    |
+-----------------+-----+-----+------------+---------------------------+--------------+

